/home/nesec/Desktop/projects/ascon hybrid/lwc-finalists/sparkle/encrypt.c:76:13:rho_whi_aut	64	static
/home/nesec/Desktop/projects/ascon hybrid/lwc-finalists/sparkle/encrypt.c:109:13:rho_whi_enc	96	static
/home/nesec/Desktop/projects/ascon hybrid/lwc-finalists/sparkle/encrypt.c:149:13:rho_whi_dec	224	static
/home/nesec/Desktop/projects/ascon hybrid/lwc-finalists/sparkle/encrypt.c:208:6:Initialize	64	static
/home/nesec/Desktop/projects/ascon hybrid/lwc-finalists/sparkle/encrypt.c:236:6:ProcessAssocData	48	static
/home/nesec/Desktop/projects/ascon hybrid/lwc-finalists/sparkle/encrypt.c:267:6:ProcessPlainText	80	static
/home/nesec/Desktop/projects/ascon hybrid/lwc-finalists/sparkle/encrypt.c:295:6:Finalize	8	static
/home/nesec/Desktop/projects/ascon hybrid/lwc-finalists/sparkle/encrypt.c:312:6:GenerateTag	8	static
/home/nesec/Desktop/projects/ascon hybrid/lwc-finalists/sparkle/encrypt.c:329:5:VerifyTag	8	static
/home/nesec/Desktop/projects/ascon hybrid/lwc-finalists/sparkle/encrypt.c:353:6:ProcessCipherText	80	static
/home/nesec/Desktop/projects/ascon hybrid/lwc-finalists/sparkle/encrypt.c:387:5:crypto_aead_encrypt	160	static
/home/nesec/Desktop/projects/ascon hybrid/lwc-finalists/sparkle/encrypt.c:410:5:crypto_aead_decrypt	160	static
