/home/nesec/Desktop/projects/ascon hybrid/lwc-finalists/romulus/romulus_n_reference.c:17:6:pad	8	static
/home/nesec/Desktop/projects/ascon hybrid/lwc-finalists/romulus/romulus_n_reference.c:35:6:g8A	8	static
/home/nesec/Desktop/projects/ascon hybrid/lwc-finalists/romulus/romulus_n_reference.c:45:6:rho_ad	64	static
/home/nesec/Desktop/projects/ascon hybrid/lwc-finalists/romulus/romulus_n_reference.c:61:6:rho	80	static
/home/nesec/Desktop/projects/ascon hybrid/lwc-finalists/romulus/romulus_n_reference.c:85:6:irho	80	static
/home/nesec/Desktop/projects/ascon hybrid/lwc-finalists/romulus/romulus_n_reference.c:114:6:reset_lfsr_gf56	8	static
/home/nesec/Desktop/projects/ascon hybrid/lwc-finalists/romulus/romulus_n_reference.c:126:6:lfsr_gf56	16	static
/home/nesec/Desktop/projects/ascon hybrid/lwc-finalists/romulus/romulus_n_reference.c:146:6:compose_tweakey	8	static
/home/nesec/Desktop/projects/ascon hybrid/lwc-finalists/romulus/romulus_n_reference.c:172:6:block_cipher	96	static
/home/nesec/Desktop/projects/ascon hybrid/lwc-finalists/romulus/romulus_n_reference.c:183:6:nonce_encryption	80	static
/home/nesec/Desktop/projects/ascon hybrid/lwc-finalists/romulus/romulus_n_reference.c:197:6:generate_tag	32	static
/home/nesec/Desktop/projects/ascon hybrid/lwc-finalists/romulus/romulus_n_reference.c:207:20:msg_encryption	96	static
/home/nesec/Desktop/projects/ascon hybrid/lwc-finalists/romulus/romulus_n_reference.c:238:20:ad_encryption	112	static
/home/nesec/Desktop/projects/ascon hybrid/lwc-finalists/romulus/romulus_n_reference.c:277:5:romulus_n	224	dynamic,bounded
/home/nesec/Desktop/projects/ascon hybrid/lwc-finalists/romulus/romulus_n_reference.c:379:5:romulus_n_encrypt	48	dynamic,bounded
/home/nesec/Desktop/projects/ascon hybrid/lwc-finalists/romulus/romulus_n_reference.c:391:5:romulus_n_decrypt	48	dynamic,bounded
