/home/nesec/Desktop/projects/ascon hybrid/lwc-finalists/elephant/encrypt.c:6:6:rotl3	8	static
/home/nesec/Desktop/projects/ascon hybrid/lwc-finalists/elephant/encrypt.c:11:5:constcmp	8	static
/home/nesec/Desktop/projects/ascon hybrid/lwc-finalists/elephant/encrypt.c:23:6:lfsr_step	32	static
/home/nesec/Desktop/projects/ascon hybrid/lwc-finalists/elephant/encrypt.c:31:6:xor_block	8	static
/home/nesec/Desktop/projects/ascon hybrid/lwc-finalists/elephant/encrypt.c:40:6:get_ad_block	64	static
/home/nesec/Desktop/projects/ascon hybrid/lwc-finalists/elephant/encrypt.c:72:6:get_c_block	32	static
/home/nesec/Desktop/projects/ascon hybrid/lwc-finalists/elephant/encrypt.c:95:6:crypto_aead_impl	384	static
/home/nesec/Desktop/projects/ascon hybrid/lwc-finalists/elephant/encrypt.c:183:5:crypto_aead_encrypt	80	dynamic,bounded
/home/nesec/Desktop/projects/ascon hybrid/lwc-finalists/elephant/encrypt.c:199:5:crypto_aead_decrypt	80	dynamic,bounded
