/home/nesec/Desktop/projects/ascon hybrid/lwc-finalists/elephant/spongent.c:50:6:PrintState	32	static
/home/nesec/Desktop/projects/ascon hybrid/lwc-finalists/elephant/spongent.c:57:6:lCounter	8	static
/home/nesec/Desktop/projects/ascon hybrid/lwc-finalists/elephant/spongent.c:64:6:retnuoCl	8	static
/home/nesec/Desktop/projects/ascon hybrid/lwc-finalists/elephant/spongent.c:71:5:Pi	8	static
/home/nesec/Desktop/projects/ascon hybrid/lwc-finalists/elephant/spongent.c:79:6:pLayer	80	static
/home/nesec/Desktop/projects/ascon hybrid/lwc-finalists/elephant/spongent.c:97:6:permutation	48	static
