/home/nesec/Desktop/projects/ascon hybrid/lwc-finalists/xoodyak/Cyclist.inc:123:13:Xoodyak_SqueezeAny	48	static
/home/nesec/Desktop/projects/ascon hybrid/lwc-finalists/xoodyak/Cyclist.inc:86:13:Xoodyak_AbsorbAny	80	static
/home/nesec/Desktop/projects/ascon hybrid/lwc-finalists/xoodyak/Cyclist.inc:168:6:Xoodyak_Initialize	144	static
/home/nesec/Desktop/projects/ascon hybrid/lwc-finalists/xoodyak/Cyclist.inc:185:6:Xoodyak_Absorb	8	static
/home/nesec/Desktop/projects/ascon hybrid/lwc-finalists/xoodyak/Cyclist.inc:190:6:Xoodyak_Encrypt	112	static
/home/nesec/Desktop/projects/ascon hybrid/lwc-finalists/xoodyak/Cyclist.inc:196:6:Xoodyak_Decrypt	64	static
/home/nesec/Desktop/projects/ascon hybrid/lwc-finalists/xoodyak/Cyclist.inc:202:6:Xoodyak_Squeeze	8	static
/home/nesec/Desktop/projects/ascon hybrid/lwc-finalists/xoodyak/Cyclist.inc:207:6:Xoodyak_SqueezeKey	16	static
/home/nesec/Desktop/projects/ascon hybrid/lwc-finalists/xoodyak/Cyclist.inc:213:6:Xoodyak_Ratchet	64	static
