/home/nesec/Desktop/projects/ascon hybrid/lwc-finalists/xoodyak/Xoodoo-reference.c:22:6:Xoodoo_StaticInitialize	8	static
/home/nesec/Desktop/projects/ascon hybrid/lwc-finalists/xoodyak/Xoodoo-reference.c:28:6:Xoodoo_Initialize	8	static
/home/nesec/Desktop/projects/ascon hybrid/lwc-finalists/xoodyak/Xoodoo-reference.c:35:6:Xoodoo_AddByte	16	static
/home/nesec/Desktop/projects/ascon hybrid/lwc-finalists/xoodyak/Xoodoo-reference.c:43:6:Xoodoo_AddBytes	16	static
/home/nesec/Desktop/projects/ascon hybrid/lwc-finalists/xoodyak/Xoodoo-reference.c:55:6:Xoodoo_OverwriteBytes	16	static
/home/nesec/Desktop/projects/ascon hybrid/lwc-finalists/xoodyak/Xoodoo-reference.c:64:6:Xoodoo_OverwriteWithZeroes	16	static
/home/nesec/Desktop/projects/ascon hybrid/lwc-finalists/xoodyak/Xoodoo-reference.c:72:6:Xoodoo_ExtractBytes	16	static
/home/nesec/Desktop/projects/ascon hybrid/lwc-finalists/xoodyak/Xoodoo-reference.c:81:6:Xoodoo_ExtractAndAddBytes	16	static
/home/nesec/Desktop/projects/ascon hybrid/lwc-finalists/xoodyak/Xoodoo-reference.c:209:6:Xoodoo_Permute_Nrounds	208	static
/home/nesec/Desktop/projects/ascon hybrid/lwc-finalists/xoodyak/Xoodoo-reference.c:226:6:Xoodoo_Permute_6rounds	8	static
/home/nesec/Desktop/projects/ascon hybrid/lwc-finalists/xoodyak/Xoodoo-reference.c:231:6:Xoodoo_Permute_12rounds	8	static
