/home/nesec/Desktop/projects/ascon hybrid/lwc-finalists/grain-128aead/grain128aead-v2.c:91:6:init_data	48	static
/home/nesec/Desktop/projects/ascon hybrid/lwc-finalists/grain-128aead/grain128aead-v2.c:106:15:next_lfsr_fb	8	static
/home/nesec/Desktop/projects/ascon hybrid/lwc-finalists/grain-128aead/grain128aead-v2.c:112:15:next_nfsr_fb	8	static
/home/nesec/Desktop/projects/ascon hybrid/lwc-finalists/grain-128aead/grain128aead-v2.c:121:15:next_h	8	static
/home/nesec/Desktop/projects/ascon hybrid/lwc-finalists/grain-128aead/grain128aead-v2.c:138:15:shift	32	static
/home/nesec/Desktop/projects/ascon hybrid/lwc-finalists/grain-128aead/grain128aead-v2.c:149:6:auth_shift	16	static
/home/nesec/Desktop/projects/ascon hybrid/lwc-finalists/grain-128aead/grain128aead-v2.c:157:6:accumulate	8	static
/home/nesec/Desktop/projects/ascon hybrid/lwc-finalists/grain-128aead/grain128aead-v2.c:164:15:next_z	80	static
/home/nesec/Desktop/projects/ascon hybrid/lwc-finalists/grain-128aead/grain128aead-v2.c:25:6:init_grain	288	static
/home/nesec/Desktop/projects/ascon hybrid/lwc-finalists/grain-128aead/grain128aead-v2.c:227:15:swapsb	8	static
/home/nesec/Desktop/projects/ascon hybrid/lwc-finalists/grain-128aead/grain128aead-v2.c:197:5:encode_der	64	static
/home/nesec/Desktop/projects/ascon hybrid/lwc-finalists/grain-128aead/grain128aead-v2.c:238:5:crypto_aead_encrypt	592	static
/home/nesec/Desktop/projects/ascon hybrid/lwc-finalists/grain-128aead/grain128aead-v2.c:357:5:crypto_aead_decrypt	592	static
