/home/nesec/Desktop/projects/ascon hybrid/lwc-finalists/gift-cofb/encrypt.c:51:13:xor_topbar_block	8	static
/home/nesec/Desktop/projects/ascon hybrid/lwc-finalists/gift-cofb/encrypt.c:65:13:double_half_block	32	static
/home/nesec/Desktop/projects/ascon hybrid/lwc-finalists/gift-cofb/encrypt.c:102:13:pho1	80	static
/home/nesec/Desktop/projects/ascon hybrid/lwc-finalists/gift-cofb/encrypt.c:122:12:cofb_crypt	176	static
/home/nesec/Desktop/projects/ascon hybrid/lwc-finalists/gift-cofb/encrypt.c:253:6:cofb_encrypt	32	dynamic,bounded
/home/nesec/Desktop/projects/ascon hybrid/lwc-finalists/gift-cofb/encrypt.c:261:5:cofb_decrypt	32	dynamic,bounded
/home/nesec/Desktop/projects/ascon hybrid/lwc-finalists/gift-cofb/encrypt.c:269:5:crypto_aead_encrypt	32	dynamic,bounded
/home/nesec/Desktop/projects/ascon hybrid/lwc-finalists/gift-cofb/encrypt.c:285:5:crypto_aead_decrypt	8	static
