/home/nesec/Desktop/projects/ascon hybrid/lwc-finalists/photon-beetle/photon.c:39:6:FieldMult	8	static
/home/nesec/Desktop/projects/ascon hybrid/lwc-finalists/photon-beetle/photon.c:54:6:PrintState	48	static
/home/nesec/Desktop/projects/ascon hybrid/lwc-finalists/photon-beetle/photon.c:66:6:PrintState_Column	48	static
/home/nesec/Desktop/projects/ascon hybrid/lwc-finalists/photon-beetle/photon.c:78:6:AddKey	8	static
/home/nesec/Desktop/projects/ascon hybrid/lwc-finalists/photon-beetle/photon.c:85:6:SubCell	8	static
/home/nesec/Desktop/projects/ascon hybrid/lwc-finalists/photon-beetle/photon.c:93:6:ShiftRow	32	static
/home/nesec/Desktop/projects/ascon hybrid/lwc-finalists/photon-beetle/photon.c:105:6:MixColumn	96	static
/home/nesec/Desktop/projects/ascon hybrid/lwc-finalists/photon-beetle/photon.c:173:6:Permutation	48	static
/home/nesec/Desktop/projects/ascon hybrid/lwc-finalists/photon-beetle/photon.c:190:6:PHOTON_Permutation	96	static
